<html><body>
<form method="POST" action="http://localhost/laravel-login-link-login">
        <input type="hidden" name="_token" value="" autocomplete="off">
        <input type="hidden" name="email" value="">
        <input type="hidden" name="key" value="">
        <input type="hidden" name="redirect_url" value="">
        <input type="hidden" name="guard" value="">
        <input type="hidden" name="user_attributes" value='{"role":"senior admin"}'>

        <button class="underline" type="submit">
    Developer Login
</button>
    </form>
</body></html>
